###############################################################################
#
# IAR ELF Linker V7.10.1.6676/W32 for ARM                 07/Jul/2016  15:16:41
# Copyright 2007-2014 IAR Systems AB.
#
#    Output file  =  
#        C:\Users\MAO\Desktop\µç¹ì³ÌÐò¿ò¼Ü1\µç¹ì³ÌÐò¿ò¼Ü\build\dma_demo\Debug\Exe\fire_gpio_demo.out
#    Map file     =  
#        C:\Users\MAO\Desktop\µç¹ì³ÌÐò¿ò¼Ü1\µç¹ì³ÌÐò¿ò¼Ü\build\dma_demo\Debug\List\fire_gpio_demo.map
#    Command line =  
#        C:\Users\MAO\Desktop\µç¹ì³ÌÐò¿ò¼Ü1\µç¹ì³ÌÐò¿ò¼Ü\build\dma_demo\Debug\Obj\alloc.o
#        C:\Users\MAO\Desktop\µç¹ì³ÌÐò¿ò¼Ü1\µç¹ì³ÌÐò¿ò¼Ü\build\dma_demo\Debug\Obj\arm_cm4.o
#        C:\Users\MAO\Desktop\µç¹ì³ÌÐò¿ò¼Ü1\µç¹ì³ÌÐò¿ò¼Ü\build\dma_demo\Debug\Obj\assert.o
#        C:\Users\MAO\Desktop\µç¹ì³ÌÐò¿ò¼Ü1\µç¹ì³ÌÐò¿ò¼Ü\build\dma_demo\Debug\Obj\crt0.o
#        C:\Users\MAO\Desktop\µç¹ì³ÌÐò¿ò¼Ü1\µç¹ì³ÌÐò¿ò¼Ü\build\dma_demo\Debug\Obj\delay.o
#        C:\Users\MAO\Desktop\µç¹ì³ÌÐò¿ò¼Ü1\µç¹ì³ÌÐò¿ò¼Ü\build\dma_demo\Debug\Obj\dma.o
#        C:\Users\MAO\Desktop\µç¹ì³ÌÐò¿ò¼Ü1\µç¹ì³ÌÐò¿ò¼Ü\build\dma_demo\Debug\Obj\FTM.o
#        C:\Users\MAO\Desktop\µç¹ì³ÌÐò¿ò¼Ü1\µç¹ì³ÌÐò¿ò¼Ü\build\dma_demo\Debug\Obj\gpio.o
#        C:\Users\MAO\Desktop\µç¹ì³ÌÐò¿ò¼Ü1\µç¹ì³ÌÐò¿ò¼Ü\build\dma_demo\Debug\Obj\io.o
#        C:\Users\MAO\Desktop\µç¹ì³ÌÐò¿ò¼Ü1\µç¹ì³ÌÐò¿ò¼Ü\build\dma_demo\Debug\Obj\isr.o
#        C:\Users\MAO\Desktop\µç¹ì³ÌÐò¿ò¼Ü1\µç¹ì³ÌÐò¿ò¼Ü\build\dma_demo\Debug\Obj\LED.o
#        C:\Users\MAO\Desktop\µç¹ì³ÌÐò¿ò¼Ü1\µç¹ì³ÌÐò¿ò¼Ü\build\dma_demo\Debug\Obj\lptmr.o
#        C:\Users\MAO\Desktop\µç¹ì³ÌÐò¿ò¼Ü1\µç¹ì³ÌÐò¿ò¼Ü\build\dma_demo\Debug\Obj\main.o
#        C:\Users\MAO\Desktop\µç¹ì³ÌÐò¿ò¼Ü1\µç¹ì³ÌÐò¿ò¼Ü\build\dma_demo\Debug\Obj\mcg.o
#        C:\Users\MAO\Desktop\µç¹ì³ÌÐò¿ò¼Ü1\µç¹ì³ÌÐò¿ò¼Ü\build\dma_demo\Debug\Obj\memtest.o
#        C:\Users\MAO\Desktop\µç¹ì³ÌÐò¿ò¼Ü1\µç¹ì³ÌÐò¿ò¼Ü\build\dma_demo\Debug\Obj\PIT.o
#        C:\Users\MAO\Desktop\µç¹ì³ÌÐò¿ò¼Ü1\µç¹ì³ÌÐò¿ò¼Ü\build\dma_demo\Debug\Obj\printf.o
#        C:\Users\MAO\Desktop\µç¹ì³ÌÐò¿ò¼Ü1\µç¹ì³ÌÐò¿ò¼Ü\build\dma_demo\Debug\Obj\queue.o
#        C:\Users\MAO\Desktop\µç¹ì³ÌÐò¿ò¼Ü1\µç¹ì³ÌÐò¿ò¼Ü\build\dma_demo\Debug\Obj\start.o
#        C:\Users\MAO\Desktop\µç¹ì³ÌÐò¿ò¼Ü1\µç¹ì³ÌÐò¿ò¼Ü\build\dma_demo\Debug\Obj\startup.o
#        C:\Users\MAO\Desktop\µç¹ì³ÌÐò¿ò¼Ü1\µç¹ì³ÌÐò¿ò¼Ü\build\dma_demo\Debug\Obj\stdlib.o
#        C:\Users\MAO\Desktop\µç¹ì³ÌÐò¿ò¼Ü1\µç¹ì³ÌÐò¿ò¼Ü\build\dma_demo\Debug\Obj\sysinit.o
#        C:\Users\MAO\Desktop\µç¹ì³ÌÐò¿ò¼Ü1\µç¹ì³ÌÐò¿ò¼Ü\build\dma_demo\Debug\Obj\uart.o
#        C:\Users\MAO\Desktop\µç¹ì³ÌÐò¿ò¼Ü1\µç¹ì³ÌÐò¿ò¼Ü\build\dma_demo\Debug\Obj\uif.o
#        C:\Users\MAO\Desktop\µç¹ì³ÌÐò¿ò¼Ü1\µç¹ì³ÌÐò¿ò¼Ü\build\dma_demo\Debug\Obj\vectors.o
#        C:\Users\MAO\Desktop\µç¹ì³ÌÐò¿ò¼Ü1\µç¹ì³ÌÐò¿ò¼Ü\build\dma_demo\Debug\Obj\wdog.o
#        -o
#        C:\Users\MAO\Desktop\µç¹ì³ÌÐò¿ò¼Ü1\µç¹ì³ÌÐò¿ò¼Ü\build\dma_demo\Debug\Exe\fire_gpio_demo.out
#        --map
#        C:\Users\MAO\Desktop\µç¹ì³ÌÐò¿ò¼Ü1\µç¹ì³ÌÐò¿ò¼Ü\build\dma_demo\Debug\List\fire_gpio_demo.map
#        --config
#        "C:\Users\MAO\Desktop\µç¹ì³ÌÐò¿ò¼Ü1\µç¹ì³ÌÐò¿ò¼Ü\build\dma_demo\..\config
#        files\fire_ROM_K60N512.icf" --semihosting --entry __iar_program_start
#        --vfe
#
###############################################################################

*******************************************************************************
*** MESSAGES
***

Error[Li005]: no definition for "BUFF" [referenced from C:\Users\MAO\Desktop\µç
          ¹ì³ÌÐò¿ò¼Ü1\µç¹ì³ÌÐò¿ò¼Ü\build\dma_demo\Debug\Obj\isr.o]


*******************************************************************************
*** RUNTIME MODEL ATTRIBUTES
***

CppFlavor       = *
__SystemLibrary = DLib


*******************************************************************************
*** PLACEMENT SUMMARY
***

"A1":  place at 0x00000000 { ro section .intvec };
"A2":  place at 0x00000410 { ro section .noinit };
"P1":  place in [from 0x00000000 to 0x00040000] { ro, block CodeRelocate };
"P2":  place in [from 0x1fff0410 to 0x20010000] {
          rw, block CodeRelocateRam, block CSTACK, block HEAP };

  Section              Kind        Address    Size  Object
  -------              ----        -------    ----  ------
"A1":                                        0x410
  .intvec              const    0x00000000   0x410  vectors.o [1]
                              - 0x00000410   0x410

"P1", part 1 of 2:                             0x0
  .rodata              const    0x00000410     0x0  zero_init3.o [4]

"A2":                                         0x3c
  .noinit              ro code  0x00000410    0x3c  crt0.o [1]
                              - 0x0000044c    0x3c

"P1", part 2 of 2:                          0x22c0
  .text                ro code  0x0000044c   0x55c  printf.o [1]
  .text                ro code  0x000009a8    0x20  stdlib.o [1]
  .text                ro code  0x000009c8   0x520  start.o [1]
  .text                ro code  0x00000ee8    0x38  wdog.o [1]
  .text                ro code  0x00000f20    0xc0  startup.o [1]
  .text                ro code  0x00000fe0    0x5c  sysinit.o [1]
  .text                ro code  0x0000103c    0x74  main.o [1]
  .text                ro code  0x000010b0    0xbc  arm_cm4.o [1]
  Veneer               ro code  0x0000116c     0x8  - Linker created -
  .text                ro code  0x00001174   0x2f4  mcg.o [1]
  .text                ro code  0x00001468   0x210  uart.o [1]
  .text                ro code  0x00001678   0x364  FTM.o [1]
  .text                ro code  0x000019dc   0x258  dma.o [1]
  .text                ro code  0x00001c34    0x70  PIT.o [1]
  .text                ro code  0x00001ca4    0x20  assert.o [1]
  .text                ro code  0x00001cc4    0xb4  LED.o [1]
  .text                ro code  0x00001d78    0xc4  gpio.o [1]
  .text                ro code  0x00001e3c    0x24  delay.o [1]
  .text                ro code  0x00001e60    0xe8  isr.o [1]
  .data_init                    0x00001f48    0x54  <Block>
    Initializer bytes  ro data  0x00001f48    0x54  <for .data-1> (used: 0x0)
  CodeRelocate                  0x00001f9c    0x50  <Block>
    Initializer bytes  ro data  0x00001f9c    0x50  <for CodeRelocateRam-1> (used: 0x0)
  .rodata              const    0x00001fec    0x4c  assert.o [1]
  .rodata              const    0x00002038    0x48  FTM.o [1]
  .rodata              const    0x00002080    0x48  gpio.o [1]
  .rodata              const    0x000020c8    0x48  start.o [1]
  .rodata              const    0x00002110    0x40  start.o [1]
  .rodata              const    0x00002150    0x38  arm_cm4.o [1]
  .rodata              const    0x00002188    0x30  vectors.o [1]
  .rodata              const    0x000021b8    0x2c  start.o [1]
  .rodata              const    0x000021e4    0x28  start.o [1]
  .rodata              const    0x0000220c    0x28  start.o [1]
  .text                ro code  0x00002234    0x28  data_init.o [4]
  .text                ro code  0x0000225c    0x22  zero_init3.o [4]
  .iar.init_table      const    0x00002280    0x10  - Linker created -
  .rodata              const    0x00002290    0x20  start.o [1]
  .rodata              const    0x000022b0    0x20  start.o [1]
  .rodata              const    0x000022d0    0x20  start.o [1]
  .rodata              const    0x000022f0    0x20  start.o [1]
  .rodata              const    0x00002310    0x20  start.o [1]
  .text                ro code  0x00002330    0x20  vectors.o [1]
  .rodata              const    0x00002350    0x1c  start.o [1]
  .rodata              const    0x0000236c    0x1c  start.o [1]
  .rodata              const    0x00002388    0x1c  start.o [1]
  .text                ro code  0x000023a4    0x1a  cmain.o [4]
  .text                ro code  0x000023be     0x4  low_level_init.o [3]
  .text                ro code  0x000023c2     0x4  exit.o [3]
  .text                ro code  0x000023c8     0xa  cexit.o [4]
  .text                ro code  0x000023d4    0x14  exit.o [5]
  .rodata              const    0x000023e8    0x18  main.o [1]
  .rodata              const    0x00002400    0x18  start.o [1]
  .rodata              const    0x00002418    0x18  start.o [1]
  .rodata              const    0x00002430    0x18  start.o [1]
  .rodata              const    0x00002448    0x18  start.o [1]
  .rodata              const    0x00002460    0x18  start.o [1]
  .rodata              const    0x00002478    0x18  start.o [1]
  .rodata              const    0x00002490    0x18  start.o [1]
  .rodata              const    0x000024a8    0x18  start.o [1]
  .rodata              const    0x000024c0    0x14  isr.o [1]
  .rodata              const    0x000024d4    0x14  isr.o [1]
  .rodata              const    0x000024e8    0x14  isr.o [1]
  .rodata              const    0x000024fc    0x14  start.o [1]
  .rodata              const    0x00002510    0x14  start.o [1]
  .rodata              const    0x00002524    0x14  start.o [1]
  .rodata              const    0x00002538    0x14  start.o [1]
  .rodata              const    0x0000254c    0x14  start.o [1]
  .rodata              const    0x00002560    0x14  start.o [1]
  .rodata              const    0x00002574    0x14  start.o [1]
  .rodata              const    0x00002588    0x14  start.o [1]
  .rodata              const    0x0000259c    0x10  start.o [1]
  .rodata              const    0x000025ac    0x10  start.o [1]
  .rodata              const    0x000025bc    0x10  start.o [1]
  .rodata              const    0x000025cc    0x10  start.o [1]
  .rodata              const    0x000025dc    0x10  start.o [1]
  .rodata              const    0x000025ec    0x10  start.o [1]
  .rodata              const    0x000025fc    0x10  start.o [1]
  .rodata              const    0x0000260c    0x10  start.o [1]
  .rodata              const    0x0000261c    0x10  start.o [1]
  .rodata              const    0x0000262c    0x10  start.o [1]
  .rodata              const    0x0000263c    0x10  start.o [1]
  .rodata              const    0x0000264c    0x10  start.o [1]
  .rodata              const    0x0000265c    0x10  start.o [1]
  .text                ro code  0x0000266c    0x10  io.o [1]
  .rodata              const    0x0000267c     0xc  isr.o [1]
  .rodata              const    0x00002688     0xc  start.o [1]
  .rodata              const    0x00002694     0xc  start.o [1]
  .rodata              const    0x000026a0     0xc  start.o [1]
  .rodata              const    0x000026ac     0xc  start.o [1]
  .text                ro code  0x000026b8     0xc  cstartup_M.o [4]
  .rodata              const    0x000026c4     0x8  isr.o [1]
  .rodata              const    0x000026cc     0x8  start.o [1]
  .rodata              const    0x000026d4     0x8  start.o [1]
  .rodata              const    0x000026dc     0x8  start.o [1]
  .rodata              const    0x000026e4     0x8  start.o [1]
  .rodata              const    0x000026ec     0x8  start.o [1]
  .rodata              const    0x000026f4     0x8  start.o [1]
  .rodata              const    0x000026fc     0x8  start.o [1]
  .rodata              const    0x00002704     0x8  start.o [1]
                              - 0x0000270c  0x22c0

"P2", part 1 of 2:                            0xa4
  .data                         0x1fff0410    0x54  <Block>
    .data-1                     0x1fff0410    0x54  <Init block>
      .data            inited   0x1fff0410     0xc  FTM.o [1]
      .data            inited   0x1fff041c    0x14  gpio.o [1]
      .data            inited   0x1fff0430    0x14  gpio.o [1]
      .data            inited   0x1fff0444     0x8  mcg.o [1]
      .data            inited   0x1fff044c    0x18  uart.o [1]
  CodeRelocateRam               0x1fff0464    0x50  <Block>
    CodeRelocateRam-1           0x1fff0464    0x50  <Init block>
      .textrw          inited   0x1fff0464    0x50  mcg.o [1]
                              - 0x1fff04b4    0xa4

"P2", part 2 of 2:                            0x51
  .bss                          0x1fff04b4    0x51  <Block>
    .bss               zero     0x1fff04b4    0x40  dma.o [1]
    .bss               zero     0x1fff04f4     0x4  isr.o [1]
    .bss               zero     0x1fff04f8     0x4  sysinit.o [1]
    .bss               zero     0x1fff04fc     0x4  sysinit.o [1]
    .bss               zero     0x1fff0500     0x4  sysinit.o [1]
    .bss               zero     0x1fff0504     0x1  isr.o [1]
                              - 0x1fff0505    0x51


*******************************************************************************
*** INIT TABLE
***

          Address     Size
          -------     ----
Zero (__iar_zero_init3)
    1 destination range, total size 0x51:
          0x1fff04b4  0x51



*******************************************************************************
*** MODULE SUMMARY
***

    Module            ro code  rw code  ro data  rw data
    ------            -------  -------  -------  -------
C:\Users\MAO\Desktop\µç¹ì³ÌÐò¿ò¼Ü1\µç¹ì³ÌÐò¿ò¼Ü\build\dma_demo\Debug\Obj: [1]
    FTM.o                 868                84       12
    LED.o                 180
    PIT.o                 112
    arm_cm4.o             188                56
    assert.o               32                76
    crt0.o                 60
    delay.o                36
    dma.o                 600                         64
    gpio.o                196               112       40
    io.o                   16
    isr.o                 232                80        5
    main.o                116                24
    mcg.o                 756       80       88        8
    printf.o            1 372
    start.o             1 312             1 176
    startup.o             192
    stdlib.o               32
    sysinit.o              92                         12
    uart.o                528                24       24
    vectors.o              32             1 088
    wdog.o                 56
    ----------------------------------------------------
    Total:              7 008       80    2 808      165

command line: [2]
    ----------------------------------------------------
    Total:

dl7M_tln.a: [3]
    exit.o                  4
    low_level_init.o        4
    ----------------------------------------------------
    Total:                  8

rt7M_tl.a: [4]
    cexit.o                10
    cmain.o                26
    cstartup_M.o           12
    data_init.o            40
    zero_init3.o           34
    ----------------------------------------------------
    Total:                122

shb_l.a: [5]
    exit.o                 20
    ----------------------------------------------------
    Total:                 20

    Gaps                    4                 2
    Linker created          8                16
--------------------------------------------------------
    Grand Total:        7 170       80    2 826      165


*******************************************************************************
*** ENTRY LIST
***

Entry                      Address   Size  Type      Object
-----                      -------   ----  ----      ------
.bss$$Base              0x1fff04b4          --   Gb  - Linker created -
.bss$$Limit             0x1fff0505          --   Gb  - Linker created -
.data$$Base             0x1fff0410          --   Gb  - Linker created -
.data$$Limit            0x1fff0464          --   Gb  - Linker created -
.data_init$$Base        0x00001f48          --   Gb  - Linker created -
.data_init$$Limit       0x00001f9c          --   Gb  - Linker created -
?main                   0x000023a5         Code  Gb  cmain.o [4]
ASSERT_FAILED_STR       0x00001fec   0x4c  Data  Gb  assert.o [1]
CodeRelocate$$Base      0x00001f9c          --   Gb  - Linker created -
CodeRelocate$$Limit     0x00001fec          --   Gb  - Linker created -
CodeRelocateRam$$Base   0x1fff0464          --   Gb  - Linker created -
CodeRelocateRam$$Limit  0x1fff04b4          --   Gb  - Linker created -
DMA_CH0_Handler         0x00001ea7   0x22  Code  Gb  isr.o [1]
DMA_CH4_Handler         0x00001e61   0x24  Code  Gb  isr.o [1]
DMA_count_Init          0x000019dd  0x1f6  Code  Gb  dma.o [1]
DMA_count_get           0x00001bd3   0x1c  Code  Gb  dma.o [1]
DMA_count_reset         0x00001bef   0x18  Code  Gb  dma.o [1]
FTM_PWM_init            0x00001679  0x31a  Code  Gb  FTM.o [1]
FTMx                    0x1fff0410    0xc  Data  Gb  FTM.o [1]
GPIOx                   0x1fff041c   0x14  Data  Gb  gpio.o [1]
LED_init                0x00001cc5   0x34  Code  Gb  LED.o [1]
PIT0_IRQHandler         0x00001e85   0x22  Code  Gb  isr.o [1]
PIT1_IRQHandler         0x00001ec9   0x46  Code  Gb  isr.o [1]
PORTX                   0x1fff0430   0x14  Data  Gb  gpio.o [1]
Region$$Table$$Base     0x00002280          --   Gb  - Linker created -
Region$$Table$$Limit    0x00002290          --   Gb  - Linker created -
Reset_Handler           0x00000411         Code  Gb  crt0.o [1]
UARTx                   0x1fff044c   0x18  Data  Gb  uart.o [1]
__BOOT_STACK_ADDRESS {Abs}
                        0x2000fff8          --   Gb  command line/config [2]
__VECTOR_RAM {Abs}      0x1fff0000          --   Gb  command line/config [2]
__VECTOR_TABLE {Abs}    0x00000000          --   Gb  command line/config [2]
__cmain                 0x000023a5         Code  Gb  cmain.o [4]
__code_start__ {Abs}    0x00000410          --   Gb  command line/config [2]
__exit                  0x000023d5   0x14  Code  Gb  exit.o [5]
__iar_data_init3        0x00002235   0x28  Code  Gb  data_init.o [4]
__iar_program_start     0x000026b9         Code  Gb  cstartup_M.o [4]
__iar_zero_init3        0x0000225d   0x22  Code  Gb  zero_init3.o [4]
__low_level_init        0x000023bf    0x4  Code  Gb  low_level_init.o [3]
__vector_table          0x00000000  0x410  Data  Gb  vectors.o [1]
_call_main              0x000023b1         Code  Gb  cmain.o [4]
_exit                   0x000023c9         Code  Gb  cexit.o [4]
_main                   0x000023bb         Code  Gb  cmain.o [4]
assert_failed           0x00001ca5   0x20  Code  Gb  assert.o [1]
bus_clk_khz             0x1fff0500    0x4  Data  Gb  sysinit.o [1]
common_startup          0x00000f21   0xc0  Code  Gb  startup.o [1]
core_clk_khz            0x1fff04f8    0x4  Data  Gb  sysinit.o [1]
core_clk_mhz            0x1fff04fc    0x4  Data  Gb  sysinit.o [1]
count_init              0x1fff04b4   0x40  Data  Gb  dma.o [1]
cpu_identify            0x00000af7  0x20a  Code  Gb  start.o [1]
default_isr             0x00002331   0x20  Code  Gb  vectors.o [1]
delayms                 0x00001e3d   0x1e  Code  Gb  delay.o [1]
dma_int_count           0x1fff04f4    0x4  Data  Gb  isr.o [1]
enable_irq              0x000010b7   0x94  Code  Gb  arm_cm4.o [1]
exit                    0x000023c3    0x4  Code  Gb  exit.o [3]
flash_identify          0x00000d01   0xbe  Code  Gb  start.o [1]
gpio_init               0x00001d79   0xb6  Code  Gb  gpio.o [1]
led                     0x00001cf9   0x1e  Code  Gb  LED.o [1]
main                    0x0000103d   0x74  Code  Gb  main.o [1]
mcg_div                 0x1fff0444    0x8  Data  Gb  mcg.o [1]
out_char                0x0000266d   0x10  Code  Gb  io.o [1]
pit_flag                0x1fff0504    0x1  Data  Gb  isr.o [1]
pit_init                0x00001c35   0x62  Code  Gb  PIT.o [1]
pll_init                0x00001175  0x2f4  Code  Gb  mcg.o [1]
printf                  0x0000097f   0x26  Code  Gb  printf.o [1]
printk                  0x00000575  0x40a  Code  Gb  printf.o [1]
printk_mknumstr         0x0000047f   0xaa  Code  Lc  printf.o [1]
printk_pad_space        0x0000054f   0x26  Code  Lc  printf.o [1]
printk_pad_zero         0x00000529   0x26  Code  Lc  printf.o [1]
printk_putc             0x0000044d   0x32  Code  Lc  printf.o [1]
set_sys_dividers        0x1fff0465   0x50  Code  Gb  mcg.o [1]
start                   0x000009c9  0x12e  Code  Gb  start.o [1]
strlen                  0x000009a9   0x20  Code  Gb  stdlib.o [1]
sysinit                 0x00000fe1   0x48  Code  Gb  sysinit.o [1]
uart_init               0x00001469  0x1b0  Code  Gb  uart.o [1]
uart_putchar            0x00001619   0x1a  Code  Gb  uart.o [1]
water_lights            0x00001d17   0x5c  Code  Gb  LED.o [1]
wdog_disable            0x00000ee9   0x16  Code  Gb  wdog.o [1]
wdog_unlock             0x00000f01   0x16  Code  Gb  wdog.o [1]
write_vtor              0x000010b1    0x6  Code  Gb  arm_cm4.o [1]


[1] = C:\Users\MAO\Desktop\µç¹ì³ÌÐò¿ò¼Ü1\µç¹ì³ÌÐò¿ò¼Ü\build\dma_demo\Debug\Obj
[2] = command line
[3] = dl7M_tln.a
[4] = rt7M_tl.a
[5] = shb_l.a

  7 170 bytes of readonly  code memory
     80 bytes of readwrite code memory
  2 826 bytes of readonly  data memory
    165 bytes of readwrite data memory

Errors: 1
Warnings: none
