###############################################################################
#                                                                             #
# IAR ELF Linker V6.30.1.53127/W32 for ARM              02/May/2014  20:20:17 #
# Copyright 2007-2011 IAR Systems AB.                                         #
#                                                                             #
#    Output file  =  C:\Users\maidou\Desktop\4.30\build\fire_demo\Release\Exe #
#                    \fire_gpio_demo.out                                      #
#    Map file     =  C:\Users\maidou\Desktop\4.30\build\fire_demo\Release\Lis #
#                    t\fire_gpio_demo.map                                     #
#    Command line =  C:\Users\maidou\Desktop\4.30\build\fire_demo\Release\Obj #
#                    \AT24C02.o C:\Users\maidou\Desktop\4.30\build\fire_demo\ #
#                    Release\Obj\BSP.o C:\Users\maidou\Desktop\4.30\build\fir #
#                    e_demo\Release\Obj\CCD.o C:\Users\maidou\Desktop\4.30\bu #
#                    ild\fire_demo\Release\Obj\FTM.o                          #
#                    C:\Users\maidou\Desktop\4.30\build\fire_demo\Release\Obj #
#                    \LED.o C:\Users\maidou\Desktop\4.30\build\fire_demo\Rele #
#                    ase\Obj\LQ12864.o C:\Users\maidou\Desktop\4.30\build\fir #
#                    e_demo\Release\Obj\PIT.o C:\Users\maidou\Desktop\4.30\bu #
#                    ild\fire_demo\Release\Obj\VisualScope.o                  #
#                    C:\Users\maidou\Desktop\4.30\build\fire_demo\Release\Obj #
#                    \adc.o C:\Users\maidou\Desktop\4.30\build\fire_demo\Rele #
#                    ase\Obj\alloc.o C:\Users\maidou\Desktop\4.30\build\fire_ #
#                    demo\Release\Obj\app.o C:\Users\maidou\Desktop\4.30\buil #
#                    d\fire_demo\Release\Obj\app_hooks.o                      #
#                    C:\Users\maidou\Desktop\4.30\build\fire_demo\Release\Obj #
#                    \arm_cm4.o C:\Users\maidou\Desktop\4.30\build\fire_demo\ #
#                    Release\Obj\assert.o C:\Users\maidou\Desktop\4.30\build\ #
#                    fire_demo\Release\Obj\calculation.o                      #
#                    C:\Users\maidou\Desktop\4.30\build\fire_demo\Release\Obj #
#                    \crt0.o C:\Users\maidou\Desktop\4.30\build\fire_demo\Rel #
#                    ease\Obj\delay.o C:\Users\maidou\Desktop\4.30\build\fire #
#                    _demo\Release\Obj\diskio.o C:\Users\maidou\Desktop\4.30\ #
#                    build\fire_demo\Release\Obj\dma.o                        #
#                    C:\Users\maidou\Desktop\4.30\build\fire_demo\Release\Obj #
#                    \exti.o C:\Users\maidou\Desktop\4.30\build\fire_demo\Rel #
#                    ease\Obj\ff.o C:\Users\maidou\Desktop\4.30\build\fire_de #
#                    mo\Release\Obj\gpio.o C:\Users\maidou\Desktop\4.30\build #
#                    \fire_demo\Release\Obj\i2c.o                             #
#                    C:\Users\maidou\Desktop\4.30\build\fire_demo\Release\Obj #
#                    \io.o C:\Users\maidou\Desktop\4.30\build\fire_demo\Relea #
#                    se\Obj\isr.o C:\Users\maidou\Desktop\4.30\build\fire_dem #
#                    o\Release\Obj\lptmr.o C:\Users\maidou\Desktop\4.30\build #
#                    \fire_demo\Release\Obj\main.o                            #
#                    C:\Users\maidou\Desktop\4.30\build\fire_demo\Release\Obj #
#                    \mcg.o C:\Users\maidou\Desktop\4.30\build\fire_demo\Rele #
#                    ase\Obj\memtest.o C:\Users\maidou\Desktop\4.30\build\fir #
#                    e_demo\Release\Obj\os_core.o                             #
#                    C:\Users\maidou\Desktop\4.30\build\fire_demo\Release\Obj #
#                    \os_cpu_a.o C:\Users\maidou\Desktop\4.30\build\fire_demo #
#                    \Release\Obj\os_cpu_c.o C:\Users\maidou\Desktop\4.30\bui #
#                    ld\fire_demo\Release\Obj\os_dbg.o                        #
#                    C:\Users\maidou\Desktop\4.30\build\fire_demo\Release\Obj #
#                    \os_flag.o C:\Users\maidou\Desktop\4.30\build\fire_demo\ #
#                    Release\Obj\os_mbox.o C:\Users\maidou\Desktop\4.30\build #
#                    \fire_demo\Release\Obj\os_mem.o                          #
#                    C:\Users\maidou\Desktop\4.30\build\fire_demo\Release\Obj #
#                    \os_mutex.o C:\Users\maidou\Desktop\4.30\build\fire_demo #
#                    \Release\Obj\os_q.o C:\Users\maidou\Desktop\4.30\build\f #
#                    ire_demo\Release\Obj\os_sem.o                            #
#                    C:\Users\maidou\Desktop\4.30\build\fire_demo\Release\Obj #
#                    \os_task.o C:\Users\maidou\Desktop\4.30\build\fire_demo\ #
#                    Release\Obj\os_time.o C:\Users\maidou\Desktop\4.30\build #
#                    \fire_demo\Release\Obj\os_tmr.o                          #
#                    C:\Users\maidou\Desktop\4.30\build\fire_demo\Release\Obj #
#                    \printf.o C:\Users\maidou\Desktop\4.30\build\fire_demo\R #
#                    elease\Obj\queue.o C:\Users\maidou\Desktop\4.30\build\fi #
#                    re_demo\Release\Obj\sccb.o C:\Users\maidou\Desktop\4.30\ #
#                    build\fire_demo\Release\Obj\sdhc.o                       #
#                    C:\Users\maidou\Desktop\4.30\build\fire_demo\Release\Obj #
#                    \start.o C:\Users\maidou\Desktop\4.30\build\fire_demo\Re #
#                    lease\Obj\startup.o C:\Users\maidou\Desktop\4.30\build\f #
#                    ire_demo\Release\Obj\stdlib.o                            #
#                    C:\Users\maidou\Desktop\4.30\build\fire_demo\Release\Obj #
#                    \sysinit.o C:\Users\maidou\Desktop\4.30\build\fire_demo\ #
#                    Release\Obj\uart.o C:\Users\maidou\Desktop\4.30\build\fi #
#                    re_demo\Release\Obj\uif.o C:\Users\maidou\Desktop\4.30\b #
#                    uild\fire_demo\Release\Obj\vectors.o                     #
#                    C:\Users\maidou\Desktop\4.30\build\fire_demo\Release\Obj #
#                    \wdog.o C:\Users\maidou\Desktop\4.30\src\LIB\CMSIS\iar_c #
#                    ortexM4l_math.a -o C:\Users\maidou\Desktop\4.30\build\fi #
#                    re_demo\Release\Exe\fire_gpio_demo.out --map             #
#                    C:\Users\maidou\Desktop\4.30\build\fire_demo\Release\Lis #
#                    t\fire_gpio_demo.map --config                            #
#                    "C:\Users\maidou\Desktop\4.30\build\fire_demo\..\config  #
#                    files\fire_ROM_K60N512.icf" --semihosting --entry        #
#                    __iar_program_start --inline --vfe                       #
#                                                                             #
#                                                                             #
###############################################################################

*******************************************************************************
*** RUNTIME MODEL ATTRIBUTES
***

CppFlavor       = *
__SystemLibrary = DLib


*******************************************************************************
*** PLACEMENT SUMMARY
***

"A1":  place at 0x00000000 { ro section .intvec };
"A2":  place at 0x00000410 { ro section .noinit };
"P1":  place in [from 0x00000000 to 0x00040000] { ro, block CodeRelocate };
"P2":  place in [from 0x1fff0410 to 0x20010000] {
          rw, block CodeRelocateRam, block CSTACK, block HEAP };

  Section              Kind        Address    Size  Object
  -------              ----        -------    ----  ------
"A1":                                        0x410
  .intvec              const    0x00000000   0x410  vectors.o [1]
                              - 0x00000410   0x410

"A2":                                         0x3c
  .noinit              ro code  0x00000410    0x3c  crt0.o [1]
                              - 0x0000044c    0x3c

"P1":                                       0x3d2c
  .text                ro code  0x0000044c  0x1038  CCD.o [1]
  .text                ro code  0x00001484    0xa8  gpio.o [1]
  .text                ro code  0x0000152c     0x6  ABImemclr4.o [5]
  .text                ro code  0x00001532    0x22  zero_init3.o [5]
  .text                ro code  0x00001554    0x32  I32ToFlt.o [4]
  .text                ro code  0x00001588    0xd8  FltMul.o [4]
  .text                ro code  0x00001660    0x84  FltAdd.o [4]
  .text                ro code  0x000016e4    0x44  FltToS32.o [4]
  .text                ro code  0x00001728   0x16c  uart.o [1]
  .text                ro code  0x00001894   0x1e4  arm_cm4.o [1]
  .text                ro code  0x00001a78    0x32  ABImemset48.o [5]
  .text                ro code  0x00001aac    0xd6  FltSub.o [4]
  .text                ro code  0x00001b84   0x410  printf.o [1]
  .text                ro code  0x00001f94    0x16  stdlib.o [1]
  .text                ro code  0x00001fac   0x4f8  calculation.o [1]
  .text                ro code  0x000024a4    0x4e  FltToDbl.o [4]
  .text                ro code  0x000024f4   0x1a2  DblMul.o [4]
  .text                ro code  0x00002698   0x180  DblSub.o [4]
  .text                ro code  0x00002818    0x90  DblToFlt.o [4]
  .text                ro code  0x000028a8    0x24  FltCmpGe.o [4]
  .text                ro code  0x000028cc    0x24  FltCmpLe.o [4]
  .text                ro code  0x000028f0   0x260  FTM.o [1]
  .text                ro code  0x00002b50   0x1ec  adc.o [1]
  .text                ro code  0x00002d3c    0x2e  DblCmpGe.o [4]
  .text                ro code  0x00002d6c    0x2e  DblCmpLe.o [4]
  .text                ro code  0x00002d9c    0x20  DblCmpEq.o [4]
  .text                ro code  0x00002dbc    0x2c  I32ToDbl.o [4]
  .text                ro code  0x00002de8    0xe8  DblAdd.o [4]
  .text                ro code  0x00002ed0   0x246  DblDiv.o [4]
  .text                ro code  0x00003118   0x2d0  isr.o [1]
  .text                ro code  0x000033e8   0x1c4  dma.o [1]
  .text                ro code  0x000035ac   0x1b0  VisualScope.o [1]
  .text                ro code  0x0000375c    0x6c  assert.o [1]
  .text                ro code  0x000037c8    0xfc  FltDiv.o [4]
  .text                ro code  0x000038c4    0xe8  LED.o [1]
  .text                ro code  0x000039ac    0x1c  delay.o [1]
  .text                ro code  0x000039c8   0x1f4  main.o [1]
  .text                ro code  0x00003bbc    0x44  PIT.o [1]
  Veneer               ro code  0x00003c00     0x8  - Linker created -
  .text                ro code  0x00003c08   0x1b0  mcg.o [1]
  .data_init                    0x00003db8   0x144  <Block>
    Initializer bytes  ro data  0x00003db8   0x144  <for .data-1>
  .text                ro code  0x00003efc    0x84  startup.o [1]
  .text                ro code  0x00003f80    0x56  ABImemcpy.o [5]
  .text                ro code  0x00003fd8    0x50  vectors.o [1]
  .text                ro code  0x00004028    0x44  sysinit.o [1]
  CodeRelocate                  0x0000406c    0x3c  <Block>
    Initializer bytes  ro data  0x0000406c    0x3c  <for CodeRelocateRam-1>
  .text                ro code  0x000040a8    0x30  wdog.o [1]
  .text                ro code  0x000040d8    0x2c  data_init3.o [5]
  .iar.init_table      const    0x00004104    0x10  - Linker created -
  .text                ro code  0x00004114    0x16  cmain.o [5]
  .text                ro code  0x0000412a     0x4  exit.o [3]
  .text                ro code  0x00004130     0xa  cexit.o [5]
  .text                ro code  0x0000413c    0x14  exit.o [6]
  .text                ro code  0x00004150    0x14  start.o [1]
  .text                ro code  0x00004164     0xc  cstartup_M.o [5]
  .text                ro code  0x00004170     0x8  io.o [1]
  .rodata              const    0x00004178     0x0  bwt_init3c.o [5]
                              - 0x00004178  0x3d2c

"P2", part 1 of 2:                           0x180
  .data                         0x1fff0410   0x144  <Block>
    .data-1                     0x1fff0410   0x144  <Init block>
      .data            inited   0x1fff0410    0x10  CCD.o [1]
      .data            inited   0x1fff0420     0xc  FTM.o [1]
      .data            inited   0x1fff042c    0x18  adc.o [1]
      .data            inited   0x1fff0444    0x14  calculation.o [1]
      .data            inited   0x1fff0458    0x70  calculation.o [1]
      .data            inited   0x1fff04c8    0x28  gpio.o [1]
      .data            inited   0x1fff04f0    0x3a  isr.o [1]
      .data            inited   0x1fff052c     0x4  main.o [1]
      .data            inited   0x1fff0530     0x4  main.o [1]
      .data            inited   0x1fff0534     0x8  mcg.o [1]
      .data            inited   0x1fff053c    0x18  uart.o [1]
  CodeRelocateRam               0x1fff0554    0x3c  <Block>
    CodeRelocateRam-1           0x1fff0554    0x3c  <Init block>
      .textrw          inited   0x1fff0554    0x3c  mcg.o [1]
                              - 0x1fff0590   0x180

"P2", part 2 of 2:                          0x36f8
  .bss                          0x1fff0590  0x36f8  <Block>
    .bss               zero     0x1fff0590    0x5c  main.o [1]
    .bss               zero     0x1fff05ec    0x64  CCD.o [1]
    .bss               zero     0x1fff0650     0x8  main.o [1]
    .bss               zero     0x1fff0658     0x8  main.o [1]
    .bss               zero     0x1fff0660   0x114  CCD.o [1]
    .bss               zero     0x1fff0774     0x8  CCD.o [1]
    .bss               zero     0x1fff077c  0x1964  CCD.o [1]
    .bss               zero     0x1fff20e0  0x1964  CCD.o [1]
    .bss               zero     0x1fff3a44    0x64  CCD.o [1]
    .bss               zero     0x1fff3aa8    0x64  CCD.o [1]
    .bss               zero     0x1fff3b0c   0x100  CCD.o [1]
    .bss               zero     0x1fff3c0c    0x28  calculation.o [1]
    .bss               zero     0x1fff3c34    0x20  isr.o [1]
    .bss               zero     0x1fff3c54     0x4  isr.o [1]
    .bss               zero     0x1fff3c58     0x4  main.o [1]
    .bss               zero     0x1fff3c5c     0x4  main.o [1]
    .bss               zero     0x1fff3c60     0x4  main.o [1]
    .bss               zero     0x1fff3c64     0x4  main.o [1]
    .bss               zero     0x1fff3c68     0xc  sysinit.o [1]
    .bss               zero     0x1fff3c74     0x6  CCD.o [1]
    .bss               zero     0x1fff3c7a     0x2  main.o [1]
    .bss               zero     0x1fff3c7c     0x2  main.o [1]
    .bss               zero     0x1fff3c7e     0x2  main.o [1]
    .bss               zero     0x1fff3c80     0x2  main.o [1]
    .bss               zero     0x1fff3c82     0x1  calculation.o [1]
    .bss               zero     0x1fff3c83     0x3  isr.o [1]
    .bss               zero     0x1fff3c86     0x1  isr.o [1]
    .bss               zero     0x1fff3c87     0x1  isr.o [1]
                              - 0x1fff3c88  0x36f8


*******************************************************************************
*** INIT TABLE
***

          Address     Size
          -------     ----
Zero (__iar_zero_init3)
    1 destination range, total size 0x36f8:
          0x1fff0590  0x36f8



*******************************************************************************
*** MODULE SUMMARY
***

    Module          ro code  rw code  ro data  rw data
    ------          -------  -------  -------  -------
C:\Users\maidou\Desktop\4.30\build\fire_demo\Release\Obj: [1]
    CCD.o             4 152                16   13 862
    FTM.o               608                12       12
    LED.o               232
    PIT.o                68
    VisualScope.o       432
    adc.o               492                24       24
    arm_cm4.o           484
    assert.o            108
    calculation.o     1 272               132      173
    crt0.o               60
    delay.o              28
    dma.o               452
    gpio.o              168                40       40
    io.o                  8
    isr.o               720                58       99
    main.o              500                10      140
    mcg.o               432       60       68        8
    printf.o          1 040
    start.o              20
    startup.o           132
    stdlib.o             22
    sysinit.o            68                         12
    uart.o              364                24       24
    vectors.o            80             1 040
    wdog.o               48
    --------------------------------------------------
    Total:           11 990       60    1 424   14 394

command line: [2]
    --------------------------------------------------
    Total:

dl7M_tln.a: [3]
    exit.o                4
    --------------------------------------------------
    Total:                4

m7M_tl.a: [4]
    DblAdd.o            232
    DblCmpEq.o           32
    DblCmpGe.o           46
    DblCmpLe.o           46
    DblDiv.o            582
    DblMul.o            418
    DblSub.o            384
    DblToFlt.o          144
    FltAdd.o            132
    FltCmpGe.o           36
    FltCmpLe.o           36
    FltDiv.o            252
    FltMul.o            216
    FltSub.o            214
    FltToDbl.o           78
    FltToS32.o           68
    I32ToDbl.o           44
    I32ToFlt.o           50
    --------------------------------------------------
    Total:            3 010

rt7M_tl.a: [5]
    ABImemclr4.o          6
    ABImemcpy.o          86
    ABImemset48.o        50
    bwt_init3c.o
    cexit.o              10
    cmain.o              22
    cstartup_M.o         12
    data_init3.o         44
    zero_init3.o         34
    --------------------------------------------------
    Total:              264

shb_l.a: [6]
    exit.o               20
    --------------------------------------------------
    Total:               20

    Gaps                 24                          2
    Linker created        8                16
------------------------------------------------------
    Grand Total:     15 320       60    1 440   14 396


*******************************************************************************
*** ENTRY LIST
***

Entry                      Address    Size  Type      Object
-----                      -------    ----  ----      ------
.bss$$Base              0x1fff0590           --   Gb  - Linker created -
.bss$$Limit             0x1fff3c88           --   Gb  - Linker created -
.data$$Base             0x1fff0410           --   Gb  - Linker created -
.data$$Limit            0x1fff0554           --   Gb  - Linker created -
.data_init$$Base        0x00003db8           --   Gb  - Linker created -
.data_init$$Limit       0x00003efc           --   Gb  - Linker created -
?main                   0x00004115          Code  Gb  cmain.o [5]
AAangPWMOut             0x00002027     0xa  Code  Gb  calculation.o [1]
AAngPWM                 0x1fff05c4     0x4  Data  Gb  main.o [1]
AAngPeriodCount         0x1fff05cc     0x4  Data  Gb  main.o [1]
ADCx                    0x1fff043c     0x8  Data  Gb  adc.o [1]
AD_ACC_Z                0x1fff05bc     0x4  Data  Gb  main.o [1]
AD_GYRO                 0x1fff05c0     0x4  Data  Gb  main.o [1]
ANGLE_CONTROL_D         0x1fff0530     0x4  Data  Gb  main.o [1]
ANGLE_CONTROL_P         0x1fff052c     0x4  Data  Gb  main.o [1]
ASSERT_FAILED_STR       0x0000377c    0x4c  Data  Gb  assert.o [1]
ASpeedCount             0x1fff05b0     0x4  Data  Gb  main.o [1]
ATimeCount              0x1fff05b4     0x4  Data  Gb  main.o [1]
AcqAryy                 0x1fff04f4    0x34  Data  Gb  isr.o [1]
AngleAcceleration_init  0x00002267    0x16  Code  Gb  calculation.o [1]
AngleCalculate          0x00002367    0x86  Code  Gb  calculation.o [1]
AngleControl            0x00001fad    0x7a  Code  Gb  calculation.o [1]
CCD_init                0x0000044d    0x1e  Code  Gb  CCD.o [1]
C_0                     0x1fff0498     0x4  Data  Gb  calculation.o [1]
CarControlStart         0x0000227d     0x6  Code  Gb  calculation.o [1]
CarControlStop          0x00002283     0x4  Code  Gb  calculation.o [1]
CheckCarStand           0x000022e1    0x30  Code  Gb  calculation.o [1]
Checkcarstate           0x00002311    0x54  Code  Gb  calculation.o [1]
CodeRelocate$$Base      0x0000406c           --   Gb  - Linker created -
CodeRelocate$$Limit     0x000040a8           --   Gb  - Linker created -
CodeRelocateRam$$Base   0x1fff0554           --   Gb  - Linker created -
CodeRelocateRam$$Limit  0x1fff0590           --   Gb  - Linker created -
DMA_CH0_Handler         0x00003251    0x14  Code  Gb  isr.o [1]
DMA_CH4_Handler         0x000031eb    0x1c  Code  Gb  isr.o [1]
DMA_PORTx2BUFF_Init     0x000033e9   0x178  Code  Gb  dma.o [1]
DSpeed                  0x1fff3c20     0x4  Data  Gb  calculation.o [1]
E                       0x1fff04ac     0x4  Data  Gb  calculation.o [1]
FTM0_IRQHandler         0x0000324f     0x2  Code  Gb  isr.o [1]
FTM1_QUAD_Iint          0x00002aa5    0x28  Code  Gb  FTM.o [1]
FTM2_QUAD_Iint          0x00002aed    0x34  Code  Gb  FTM.o [1]
FTM_PWM_init            0x000028f1   0x1b4  Code  Gb  FTM.o [1]
FTM_init                0x0000222d    0x3a  Code  Gb  calculation.o [1]
FTMx                    0x1fff0420     0xc  Data  Gb  FTM.o [1]
GPIOx                   0x1fff04c8    0x14  Data  Gb  gpio.o [1]
GRAVITY_OFFSET          0x1fff0478     0x4  Data  Gb  calculation.o [1]
GYROSCOPE_ANGLE_RATIO   0x1fff047c     0x4  Data  Gb  calculation.o [1]
GYROSCOPE_OFFSET        0x1fff3c64     0x4  Data  Gb  main.o [1]
GYROSCOPE_kalman_RATIO  0x1fff0480     0x4  Data  Gb  calculation.o [1]
GetMotorPulse           0x000021f1    0x3c  Code  Gb  calculation.o [1]
HardFault_Handler       0x0000323f     0xe  Code  Gb  isr.o [1]
ImageBuf                0x1fff077c  0x1964  Data  Gb  CCD.o [1]
ImageBuf2               0x1fff20e0  0x1964  Data  Gb  CCD.o [1]
K_0                     0x1fff04b8     0x4  Data  Gb  calculation.o [1]
K_1                     0x1fff04bc     0x4  Data  Gb  calculation.o [1]
LED_init                0x000038c5    0x36  Code  Gb  LED.o [1]
LPT_Handler             0x00003265    0x14  Code  Gb  isr.o [1]
LPT_INT_count           0x1fff3c54     0x4  Data  Gb  isr.o [1]
LastAAngPWM             0x1fff05c8     0x4  Data  Gb  main.o [1]
LastSpeedCut0           0x1fff3c24     0x4  Data  Gb  calculation.o [1]
LastTurnPWMOUT          0x1fff0596     0x2  Data  Gb  main.o [1]
LeftMotorOut            0x1fff0450     0x4  Data  Gb  calculation.o [1]
LinADCout               0x1fff04f0     0x1  Data  Gb  isr.o [1]
LinCout                 0x1fff04f2     0x1  Data  Gb  isr.o [1]
MOTOR_OUT_MAX_small     0x1fff0444     0x2  Data  Gb  calculation.o [1]
MOTOR_OUT_MIN_small     0x1fff0446     0x2  Data  Gb  calculation.o [1]
Master_Adc_Config       0x1fff042c    0x10  Data  Gb  adc.o [1]
MotorAAngPWM            0x1fff05d0     0x4  Data  Gb  main.o [1]
MotorSpeedOut           0x00002031    0xc6  Code  Gb  calculation.o [1]
MotorSpeedPWM           0x1fff05dc     0x4  Data  Gb  main.o [1]
MotorTurnPWM            0x1fff05e8     0x4  Data  Gb  main.o [1]
P                       0x1fff0458    0x10  Data  Gb  calculation.o [1]
PCt_0                   0x1fff04a4     0x4  Data  Gb  calculation.o [1]
PCt_1                   0x1fff04a8     0x4  Data  Gb  calculation.o [1]
PIT0_IRQHandler         0x00003207    0x12  Code  Gb  isr.o [1]
PIT1_IRQHandler         0x00003219    0x24  Code  Gb  isr.o [1]
PORTC_IRQHandler        0x00003197    0x54  Code  Gb  isr.o [1]
PORTD_IRQHandler        0x00003119    0x7e  Code  Gb  isr.o [1]
PORTX                   0x1fff04dc    0x14  Data  Gb  gpio.o [1]
PWM_time                0x1fff05e4     0x4  Data  Gb  main.o [1]
PWMout                  0x1fff05e0     0x4  Data  Gb  main.o [1]
Pdot                    0x1fff0468    0x10  Data  Gb  calculation.o [1]
PendSV_Handler          0x0000324d     0x2  Code  Gb  isr.o [1]
Q_angle                 0x1fff0488     0x4  Data  Gb  calculation.o [1]
Q_gyro                  0x1fff048c     0x4  Data  Gb  calculation.o [1]
ROW_C                   0x1fff0528     0x2  Data  Gb  isr.o [1]
R_angle                 0x1fff0490     0x4  Data  Gb  calculation.o [1]
Region$$Table$$Base     0x00004104           --   Gb  - Linker created -
Region$$Table$$Limit    0x00004114           --   Gb  - Linker created -
Reset_Handler           0x00000411          Code  Gb  crt0.o [1]
RinghtMotorOut          0x1fff0454     0x4  Data  Gb  calculation.o [1]
RingtMotorPWM           0x1fff044c     0x4  Data  Gb  calculation.o [1]
SpeedDifference0        0x1fff3c1c     0x4  Data  Gb  calculation.o [1]
SpeedKI                 0x1fff3c5c     0x4  Data  Gb  main.o [1]
SpeedKP                 0x1fff3c58     0x4  Data  Gb  main.o [1]
SpeedPID                0x000020f7    0xea  Code  Gb  calculation.o [1]
SpeedPWMKI              0x1fff3c30     0x4  Data  Gb  calculation.o [1]
SpeedPWMKP              0x1fff3c2c     0x4  Data  Gb  calculation.o [1]
SpeedPWMOut             0x000021e1     0x8  Code  Gb  calculation.o [1]
SpeedPeriodCount        0x1fff0590     0x2  Data  Gb  main.o [1]
Stop_flag               0x1fff3c82     0x1  Data  Gb  calculation.o [1]
SysTick_Handler         0x0000323d     0x2  Code  Gb  isr.o [1]
TIME0flag_1ms           0x1fff3c87     0x1  Data  Gb  isr.o [1]
TIME1flag_100ms         0x1fff3c84     0x1  Data  Gb  isr.o [1]
TIME1flag_1s            0x1fff3c83     0x1  Data  Gb  isr.o [1]
TimeCount               0x1fff05b8     0x4  Data  Gb  main.o [1]
TurnD                   0x1fff041c     0x4  Data  Gb  CCD.o [1]
TurnMidPosition         0x1fff0416     0x2  Data  Gb  CCD.o [1]
TurnP                   0x1fff0418     0x4  Data  Gb  CCD.o [1]
TurnPWM                 0x00001101    0x64  Code  Gb  CCD.o [1]
TurnPWMOUT              0x1fff0594     0x2  Data  Gb  main.o [1]
TurnPWMOut              0x0000116d    0x14  Code  Gb  CCD.o [1]
TurnPeriodCount         0x1fff0592     0x2  Data  Gb  main.o [1]
TurnPosition            0x1fff0412     0x2  Data  Gb  CCD.o [1]
UARTx                   0x1fff053c    0x18  Data  Gb  uart.o [1]
USART0_IRQHandler       0x00003279    0xe2  Code  Gb  isr.o [1]
WaitCarStand            0x00002291    0x50  Code  Gb  calculation.o [1]
__BOOT_STACK_ADDRESS {Abs}
                        0x2000fff8           --   Gb  command line/config [2]
__VECTOR_RAM {Abs}      0x1fff0000           --   Gb  command line/config [2]
__VECTOR_TABLE {Abs}    0x00000000           --   Gb  command line/config [2]
__aeabi_cdcmpeq         0x00002d9d          Code  Gb  DblCmpEq.o [4]
__aeabi_cdcmple         0x00002d6d          Code  Gb  DblCmpLe.o [4]
__aeabi_cdrcmple        0x00002d3d          Code  Gb  DblCmpGe.o [4]
__aeabi_cfcmple         0x000028cd          Code  Gb  FltCmpLe.o [4]
__aeabi_cfrcmple        0x000028a9          Code  Gb  FltCmpGe.o [4]
__aeabi_d2f             0x00002819          Code  Gb  DblToFlt.o [4]
__aeabi_dadd            0x00002de9          Code  Gb  DblAdd.o [4]
__aeabi_ddiv            0x00002ed1          Code  Gb  DblDiv.o [4]
__aeabi_dmul            0x000024f5          Code  Gb  DblMul.o [4]
__aeabi_dsub            0x00002699          Code  Gb  DblSub.o [4]
__aeabi_f2d             0x000024a5          Code  Gb  FltToDbl.o [4]
__aeabi_f2iz            0x000016e5          Code  Gb  FltToS32.o [4]
__aeabi_fadd            0x00001661          Code  Gb  FltAdd.o [4]
__aeabi_fdiv            0x000037c9          Code  Gb  FltDiv.o [4]
__aeabi_fmul            0x00001589          Code  Gb  FltMul.o [4]
__aeabi_i2d             0x00002dbd          Code  Gb  I32ToDbl.o [4]
__aeabi_i2f             0x00001555          Code  Gb  I32ToFlt.o [4]
__aeabi_memclr4         0x0000152d          Code  Gb  ABImemclr4.o [5]
__aeabi_memcpy4         0x00003f81          Code  Gb  ABImemcpy.o [5]
__aeabi_memcpy8         0x00003f81          Code  Gb  ABImemcpy.o [5]
__aeabi_ui2f            0x00001569          Code  Gb  I32ToFlt.o [4]
__cmain                 0x00004115          Code  Gb  cmain.o [5]
__code_start__ {Abs}    0x00000410           --   Gb  command line/config [2]
__exit                  0x0000413d    0x14  Code  Gb  exit.o [6]
__iar_Memset4_word      0x00001a79          Code  Gb  ABImemset48.o [5]
__iar_Memset8_word      0x00001a79          Code  Gb  ABImemset48.o [5]
__iar_SB                0x00004178          Data  Gb  bwt_init3c.o [5]
__iar_dadd              0x00002dfd          Code  Gb  DblAdd.o [4]
__iar_data_init3        0x000040d9    0x2c  Code  Gb  data_init3.o [5]
__iar_dsub              0x000026ad          Code  Gb  DblSub.o [4]
__iar_dsubStart         0x000026bf          Code  Gb  DblSub.o [4]
__iar_fadd              0x00001671          Code  Gb  FltAdd.o [4]
__iar_fsub              0x00001aad          Code  Gb  FltSub.o [4]
__iar_fsubStart         0x00001abd          Code  Gb  FltSub.o [4]
__iar_program_start     0x00004165          Code  Gb  cstartup_M.o [5]
__iar_ui2d              0x00002dd1          Code  Gb  I32ToDbl.o [4]
__iar_ui2f              0x0000156d          Code  Gb  I32ToFlt.o [4]
__iar_zero_init3        0x00001533    0x22  Code  Gb  zero_init3.o [5]
__vector_table          0x00000000   0x410  Data  Gb  vectors.o [1]
_call_main              0x00004121          Code  Gb  cmain.o [5]
_exit                   0x00004131          Code  Gb  cexit.o [5]
_main                   0x00004127          Code  Gb  cmain.o [5]
ad_ave                  0x00002cab    0x2e  Code  Gb  adc.o [1]
ad_once                 0x00002c7f    0x2c  Code  Gb  adc.o [1]
adc_init                0x00002b51   0x12e  Code  Gb  adc.o [1]
adc_start               0x00002cd9    0x58  Code  Gb  adc.o [1]
angle_err               0x1fff04a0     0x4  Data  Gb  calculation.o [1]
angle_m                 0x1fff04c0     0x4  Data  Gb  calculation.o [1]
as                      0x1fff0740     0x4  Data  Gb  CCD.o [1]
assert_failed           0x0000375d    0x1e  Code  Gb  assert.o [1]
bianliang_init          0x00003b73    0x2e  Code  Gb  main.o [1]
blackleft               0x1fff3a44    0x64  Data  Gb  CCD.o [1]
blackright              0x1fff05ec    0x64  Data  Gb  CCD.o [1]
bs                      0x1fff0744     0x4  Data  Gb  CCD.o [1]
bus_clk_khz             0x1fff3c70     0x4  Data  Gb  sysinit.o [1]
center                  0x1fff3aa8    0x64  Data  Gb  CCD.o [1]
common_startup          0x00003efd    0x84  Code  Gb  startup.o [1]
core_clk_khz            0x1fff3c68     0x4  Data  Gb  sysinit.o [1]
core_clk_mhz            0x1fff3c6c     0x4  Data  Gb  sysinit.o [1]
countcenter             0x000005ef   0xb0c  Code  Gb  CCD.o [1]
cs                      0x1fff0748     0x4  Data  Gb  CCD.o [1]
data_receive            0x1fff3c34    0x14  Data  Gb  isr.o [1]
default_isr             0x00003fd9    0x1a  Code  Gb  vectors.o [1]
delayms                 0x000039ad    0x16  Code  Gb  delay.o [1]
direction               0x1fff0410     0x2  Data  Gb  CCD.o [1]
disable_irq             0x000018f9    0x52  Code  Gb  arm_cm4.o [1]
ds                      0x1fff074c     0x4  Data  Gb  CCD.o [1]
dt                      0x1fff0494     0x4  Data  Gb  calculation.o [1]
enable_irq              0x0000189b    0x5e  Code  Gb  arm_cm4.o [1]
erzhihua                0x00000513    0x9c  Code  Gb  CCD.o [1]
es                      0x1fff076c     0x4  Data  Gb  CCD.o [1]
exit                    0x0000412b     0x4  Code  Gb  exit.o [3]
fDeltaValue             0x1fff0658     0x8  Data  Gb  main.o [1]
fGyroscopeAngleIntegral
                        0x1fff0650     0x8  Data  Gb  main.o [1]
fValue                  0x1fff3c18     0x4  Data  Gb  calculation.o [1]
fasong_erzhihua_bianxian
                        0x000011a1   0x282  Code  Gb  CCD.o [1]
flag_1ms                0x1fff3c86     0x1  Data  Gb  isr.o [1]
flag_full_chang         0x1fff04f1     0x1  Data  Gb  isr.o [1]
flag_oled               0x1fff0484     0x4  Data  Gb  calculation.o [1]
fs                      0x1fff0770     0x4  Data  Gb  CCD.o [1]
g_SpeedControlIntegral  0x1fff3c28     0x4  Data  Gb  calculation.o [1]
g_SpeedControlOutNew    0x1fff05d4     0x4  Data  Gb  main.o [1]
g_SpeedControlOutOld    0x1fff05d8     0x4  Data  Gb  main.o [1]
g_Speedgoal             0x1fff3c60     0x4  Data  Gb  main.o [1]
g_fAngleControlOut      0x1fff3c14     0x2  Data  Gb  calculation.o [1]
g_fCarAngle             0x1fff0598     0x8  Data  Gb  main.o [1]
g_fGravityAngle         0x1fff05a8     0x8  Data  Gb  main.o [1]
g_fGyroscopeAngleSpeed  0x1fff05a0     0x8  Data  Gb  main.o [1]
g_nAngleControlFlag     0x1fff3c12     0x2  Data  Gb  calculation.o [1]
g_nCarControlFlag       0x1fff3c0e     0x2  Data  Gb  calculation.o [1]
g_nDirectionControlFlag
                        0x1fff3c0c     0x2  Data  Gb  calculation.o [1]
g_nLeftMotorPulse       0x1fff3c7a     0x2  Data  Gb  main.o [1]
g_nLeftMotorPulseSigma  0x1fff3c7e     0x2  Data  Gb  main.o [1]
g_nRightMotorPulse      0x1fff3c7c     0x2  Data  Gb  main.o [1]
g_nRightMotorPulseSigma
                        0x1fff3c80     0x2  Data  Gb  main.o [1]
g_nSpeedControlFlag     0x1fff3c10     0x2  Data  Gb  calculation.o [1]
gpio_Interrupt_init     0x000014db    0x4e  Code  Gb  gpio.o [1]
gpio_init               0x00001485    0x56  Code  Gb  gpio.o [1]
gyro_m                  0x1fff04c4     0x4  Data  Gb  calculation.o [1]
is                      0x1fff0750     0x4  Data  Gb  CCD.o [1]
ji_ou_choice            0x1fff04f3     0x1  Data  Gb  isr.o [1]
js                      0x1fff0754     0x4  Data  Gb  CCD.o [1]
jz                      0x1fff0758     0x4  Data  Gb  CCD.o [1]
kdrxdata                0x1fff3c4c     0x4  Data  Gb  isr.o [1]
kprxdata                0x1fff3c48     0x4  Data  Gb  isr.o [1]
lasterror               0x1fff0414     0x2  Data  Gb  CCD.o [1]
led                     0x000038fb    0x20  Code  Gb  LED.o [1]
leftMotorPWM            0x1fff0448     0x4  Data  Gb  calculation.o [1]
leftzj                  0x1fff06c4    0x64  Data  Gb  CCD.o [1]
main                    0x000039c9    0xb0  Code  Gb  main.o [1]
mcg_div                 0x1fff0534     0x8  Data  Gb  mcg.o [1]
nList                   0x1fff3b0c   0x100  Data  Gb  CCD.o [1]
nearlvbo                0x000005af    0x40  Code  Gb  CCD.o [1]
num222                  0x1fff3c50     0x4  Data  Gb  isr.o [1]
otsu                    0x0000046b    0xa8  Code  Gb  CCD.o [1]
out_char                0x00004171     0x8  Code  Gb  io.o [1]
pid_adjust_by_computer  0x000035ad   0x192  Code  Gb  VisualScope.o [1]
pit_init                0x00003bbd    0x14  Code  Gb  PIT.o [1]
pll_init                0x00003c09   0x1b0  Code  Gb  mcg.o [1]
printf                  0x00001f71    0x1e  Code  Gb  printf.o [1]
printk                  0x00001c13   0x35e  Code  Gb  printf.o [1]
printk_mknumstr         0x00001baf    0x64  Code  Lc  printf.o [1]
printk_putc             0x00001b85    0x2a  Code  Lc  printf.o [1]
process                 0x00001449    0x12  Code  Gb  CCD.o [1]
q_bias                  0x1fff049c     0x4  Data  Gb  calculation.o [1]
rightzj                 0x1fff0660    0x64  Data  Gb  CCD.o [1]
row                     0x1fff0778     0x4  Data  Gb  CCD.o [1]
run                     0x00003a79    0xfa  Code  Gb  main.o [1]
set_irq_priority        0x0000194b    0x26  Code  Gb  arm_cm4.o [1]
set_sys_dividers        0x1fff0555    0x3c  Code  Gb  mcg.o [1]
shizi                   0x1fff0738     0x4  Data  Gb  CCD.o [1]
shizi_flag              0x1fff075c     0x4  Data  Gb  CCD.o [1]
shizistart              0x1fff073c     0x4  Data  Gb  CCD.o [1]
start                   0x00004151    0x14  Code  Gb  start.o [1]
strlen                  0x00001f95    0x16  Code  Gb  stdlib.o [1]
sysinit                 0x00004029    0x3c  Code  Gb  sysinit.o [1]
t_0                     0x1fff04b0     0x4  Data  Gb  calculation.o [1]
t_1                     0x1fff04b4     0x4  Data  Gb  calculation.o [1]
tempvaluerownum         0x1fff3c78     0x2  Data  Gb  CCD.o [1]
uart_getchar            0x00001821    0x10  Code  Gb  uart.o [1]
uart_init               0x00001729    0xf8  Code  Gb  uart.o [1]
uart_irq_EN             0x0000185f    0x16  Code  Gb  uart.o [1]
uart_putchar            0x00001831    0x14  Code  Gb  uart.o [1]
uart_sendStr            0x00001845    0x1a  Code  Gb  uart.o [1]
valuerownum             0x1fff3c76     0x2  Data  Gb  CCD.o [1]
water_lights            0x0000391b    0x8c  Code  Gb  LED.o [1]
wdog_disable            0x000040a9    0x14  Code  Gb  wdog.o [1]
wdog_unlock             0x000040bd    0x14  Code  Gb  wdog.o [1]
write_vtor              0x00001895     0x6  Code  Gb  arm_cm4.o [1]
xieshizi_flag           0x1fff0728     0x4  Data  Gb  CCD.o [1]
xiexs                   0x1fff0730     0x4  Data  Gb  CCD.o [1]
xieys                   0x1fff0734     0x4  Data  Gb  CCD.o [1]
xin                     0x1fff3c74     0x1  Data  Gb  CCD.o [1]
xs                      0x1fff0764     0x4  Data  Gb  CCD.o [1]
youxiao_shizi           0x1fff0760     0x4  Data  Gb  CCD.o [1]
youxiaoxieshizi         0x1fff072c     0x4  Data  Gb  CCD.o [1]
ys                      0x1fff0768     0x4  Data  Gb  CCD.o [1]
yuzhizhi                0x1fff0774     0x2  Data  Gb  CCD.o [1]


[1] = C:\Users\maidou\Desktop\4.30\build\fire_demo\Release\Obj
[2] = command line
[3] = dl7M_tln.a
[4] = m7M_tl.a
[5] = rt7M_tl.a
[6] = shb_l.a

  15 320 bytes of readonly  code memory
      60 bytes of readwrite code memory
   1 440 bytes of readonly  data memory
  14 396 bytes of readwrite data memory

Errors: none
Warnings: none
